Microchip MPLAB XC8 Compiler V1.12 ()

Linker command line:

--edf=C:\Program Files (x86)\Microchip\xc8\v1.12\dat\en_msgs.txt -cs \
  -h+dist/default/debug\io-demo-pic16.X.debug.sym -z -Q16F88 -ol.obj \
  -Mdist/default/debug/io-demo-pic16.X.debug.map -E1 -ver=XC8 \
  -ACONST=00h-0FFhx15 -ACODE=00h-07FFh,0800h-0EFFh -ASTRCODE=00h-0EFFh \
  -AENTRY=00h-0FFhx15 -ASTRING=00h-0FFhx15 -ACOMMON=071h-07Fh \
  -ABANK0=020h-06Fh -ABANK1=0A0h-0EFh -ABANK2=0110h-016Fh \
  -ABANK3=0190h-01E6h -ARAM=020h-06Fh,0A0h-0EFh,0110h-016Fh,0190h-01E6h \
  -AABS1=020h-07Fh,0A0h-0EFh,0110h-016Fh,0190h-01EFh -ASFR0=00h-01Fh \
  -ASFR1=080h-09Fh -ASFR2=0100h-010Fh -ASFR3=0180h-018Fh \
  -preset_vec=00h,intentry,init,end_init -ppowerup=CODE -pfunctab=CODE \
  -ACONFIG=02007h-02008h -pconfig=CONFIG -DCONFIG=2 -AIDLOC=02000h-02003h \
  -pidloc=IDLOC -DIDLOC=2 -AEEDATA=00h-0FFh/02100h -peeprom_data=EEDATA \
  -DEEDATA=2 -DCODE=2 -DSTRCODE=2 -DSTRING=2 -DCONST=2 -DENTRY=2 -k \
  C:\Users\Ruben\AppData\Local\Temp\s9ic.obj \
  dist/default/debug\io-demo-pic16.X.debug.obj 

Object code version is 3.10

Machine type is 16F88



                Name                               Link     Load   Length Selector   Space Scale
C:\Users\Ruben\AppData\Local\Temp\s9ic.obj
                end_init                              1        1        2        0       0
                reset_vec                             0        0        1        0       0
                config                             2007     2007        2     400E       0
dist/default/debug\io-demo-pic16.X.debug.obj
                text65                              71C      71C       72      E38       0
                text64                              65E      65E       5F      CBC       0
                text63                              6BD      6BD       5F      D7A       0
                maintext                            78E      78E       72      F1C       0
                cstackBANK0                          20       20        A       20       1
                cstackCOMMON                         71       71        C       71       1
                dataBANK0                            2A       2A        8       20       1
                cinit                               639      639       25      C72       0
                strings                               3        3        E        6       0
                idataBANK0                          631      631        8      C62       0

TOTAL           Name                               Link     Load   Length     Space
        CLASS   CONST          

        CLASS   CODE           
                end_init                              1        1        2         0
                reset_vec                             0        0        1         0
                text65                              71C      71C       72         0
                text64                              65E      65E       5F         0
                text63                              6BD      6BD       5F         0
                maintext                            78E      78E       72         0
                cinit                               639      639       25         0
                idataBANK0                          631      631        8         0

        CLASS   STRCODE        

        CLASS   ENTRY          

        CLASS   STRING         
                strings                               3        3        E         0

        CLASS   COMMON         
                cstackCOMMON                         71       71        C         1

        CLASS   BANK0          
                cstackBANK0                          20       20        A         1
                dataBANK0                            2A       2A        8         1

        CLASS   BANK1          

        CLASS   BANK2          

        CLASS   BANK3          

        CLASS   RAM            

        CLASS   ABS1           
                abs_s1                               7E       7E        2         1

        CLASS   SFR0           

        CLASS   SFR1           

        CLASS   SFR2           

        CLASS   SFR3           

        CLASS   CONFIG         
                config                             2007     2007        2         0

        CLASS   IDLOC          

        CLASS   EEDATA         



SEGMENTS        Name                           Load    Length   Top    Selector   Space  Class     Delta

                reset_vec                      000000  000003  000003         0       0  CODE        2
                strings                        000003  00000E  000011         6       0  STRING      2
                cstackBANK0                    000020  000012  000032        20       1  BANK0       1
                cstackCOMMON                   000071  00000C  00007D        71       1  COMMON      1
                idataBANK0                     000631  000008  000639       C62       0  CODE        2
                cinit                          000639  000025  00065E       C72       0  CODE        2
                text64                         00065E  00005F  0006BD       CBC       0  CODE        2
                text63                         0006BD  00005F  00071C       D7A       0  CODE        2
                text65                         00071C  000072  00078E       E38       0  CODE        2
                maintext                       00078E  000072  000800       F1C       0  CODE        2
                config                         002007  000002  002009      400E       0  CONFIG      2


UNUSED ADDRESS RANGES

        Name                Unused          Largest block    Delta
        BANK0            0032-006F             3E           1
        BANK1            00A0-00EF             50           1
        BANK2            0110-016F             60           1
        BANK3            0190-01E6             57           1
        CODE             0011-0630            620           2
                         0800-0EFF            700
        COMMON           007D-007D              1           1
        CONST            0011-0630            100           2
                         0800-0EFF            100
        EEDATA           2100-21FF            100           2
        ENTRY            0011-0630            100           2
                         0800-0EFF            100
        IDLOC            2000-2003              4           2
        RAM              0032-006F             3E           1
                         00A0-00EF             50
                         0110-016F             60
                         0190-01E6             57
        SFR0             0000-001F             20           1
        SFR1             0080-009F             20           1
        SFR2             0100-010F             10           1
        SFR3             0180-018F             10           1
        STRCODE          0011-0630            620           2
                         0800-0EFF            700
        STRING           0011-0630            100           2
                         0800-0EFF            100

                                  Symbol Table

?___awdiv                cstackCOMMON 0071
?_io_mode                cstackCOMMON 007A
?_io_write               cstackCOMMON 007A
_ANSEL                   (abs)        009B
_PORTA                   (abs)        0005
_PORTB                   (abs)        0006
_TRISA                   (abs)        0085
_TRISB                   (abs)        0086
__CFG_BOREN$OFF          (abs)        0000
__CFG_CCPMX$RB0          (abs)        0000
__CFG_CP$OFF             (abs)        0000
__CFG_CPD$OFF            (abs)        0000
__CFG_FCMEN$OFF          (abs)        0000
__CFG_FOSC$XT            (abs)        0000
__CFG_IESO$OFF           (abs)        0000
__CFG_LVP$OFF            (abs)        0000
__CFG_MCLRE$ON           (abs)        0000
__CFG_PWRTE$OFF          (abs)        0000
__CFG_WDTE$OFF           (abs)        0000
__CFG_WRT$OFF            (abs)        0000
__Habs1                  abs1         0000
__Hbank0                 bank0        0000
__Hbank1                 bank1        0000
__Hbank2                 bank2        0000
__Hbank3                 bank3        0000
__Hcinit                 cinit        0000
__Hclrtext               clrtext      0000
__Hcode                  code         0000
__Hcommon                common       0000
__Hconfig                config       2009
__HcstackBANK0           cstackBANK0  0000
__HcstackCOMMON          cstackCOMMON 0000
__HdataBANK0             dataBANK0    0000
__Heeprom_data           eeprom_data  0000
__Hend_init              end_init     0003
__Hfunctab               functab      0000
__HidataBANK0            idataBANK0   0000
__Hidloc                 idloc        0000
__Hinit                  init         0001
__Hintentry              intentry     0001
__Hmaintext              maintext     0000
__Hpowerup               powerup      0000
__Hram                   ram          0000
__Hreset_vec             reset_vec    0001
__Hsfr0                  sfr0         0000
__Hsfr1                  sfr1         0000
__Hsfr2                  sfr2         0000
__Hsfr3                  sfr3         0000
__Hstrings               strings      0000
__Htext                  text         0000
__Labs1                  abs1         0000
__Lbank0                 bank0        0000
__Lbank1                 bank1        0000
__Lbank2                 bank2        0000
__Lbank3                 bank3        0000
__Lcinit                 cinit        0000
__Lclrtext               clrtext      0000
__Lcode                  code         0000
__Lcommon                common       0000
__Lconfig                config       2007
__LcstackBANK0           cstackBANK0  0000
__LcstackCOMMON          cstackCOMMON 0000
__LdataBANK0             dataBANK0    0000
__Leeprom_data           eeprom_data  0000
__Lend_init              end_init     0001
__Lfunctab               functab      0000
__LidataBANK0            idataBANK0   0000
__Lidloc                 idloc        0000
__Linit                  init         0001
__Lintentry              intentry     0001
__Lmaintext              maintext     0000
__Lpowerup               powerup      0000
__Lram                   ram          0000
__Lreset_vec             reset_vec    0000
__Lsfr0                  sfr0         0000
__Lsfr1                  sfr1         0000
__Lsfr2                  sfr2         0000
__Lsfr3                  sfr3         0000
__Lstrings               strings      0000
__Ltext                  text         0000
__S0                     (abs)        2009
__S1                     (abs)        007D
__S2                     (abs)        0000
___awdiv                 text65       071C
___awdiv@counter         cstackCOMMON 0076
___awdiv@dividend        cstackCOMMON 0073
___awdiv@divisor         cstackCOMMON 0071
___awdiv@quotient        cstackCOMMON 0078
___awdiv@sign            cstackCOMMON 0077
__end_of___awdiv         text65       078E
__end_of__initialization cinit        065B
__end_of__stringtab      strings      0009
__end_of_io_mode         text63       071C
__end_of_io_write        text64       06BD
__end_of_main            maintext     0800
__end_of_mask            strings      0011
__initialization         cinit        0639
__pcstackBANK0           cstackBANK0  0020
__pcstackCOMMON          cstackCOMMON 0071
__pdataBANK0             dataBANK0    002A
__pidataBANK0            idataBANK0   0631
__pmaintext              maintext     078E
__pstrings               strings      0003
__ptext63                text63       06BD
__ptext64                text64       065E
__ptext65                text65       071C
__ptext66                text66       0000
__size_of___awdiv        (abs)        0000
__size_of_io_mode        (abs)        0000
__size_of_io_write       (abs)        0000
__size_of_main           (abs)        0000
__stringtab              strings      0003
_io_mode                 text63       06BD
_io_write                text64       065E
_main                    maintext     078E
_mask                    strings      0009
_portptrs                dataBANK0    002A
_trisptrs                dataBANK0    002E
btemp                    (abs)        007E
end_of_initialization    cinit        065B
intlevel0                functab      0000
intlevel1                functab      0000
intlevel2                functab      0000
intlevel3                functab      0000
intlevel4                functab      0000
intlevel5                functab      0000
io_mode@now              cstackBANK0  0024
io_mode@num              cstackBANK0  0027
io_mode@pin              cstackBANK0  0025
io_mode@port             cstackBANK0  0026
io_mode@value            cstackCOMMON 007A
io_write@now             cstackBANK0  0024
io_write@num             cstackBANK0  0027
io_write@pin             cstackBANK0  0025
io_write@port            cstackBANK0  0026
io_write@value           cstackCOMMON 007A
main@i                   cstackBANK0  0028
reset_vec                reset_vec    0000
start                    init         0001
start_initialization     cinit        0639
wtemp0                   (abs)        007E


FUNCTION INFORMATION:

 *************** function _main *****************
 Defined at:
		line 26 in file "main.c"
 Parameters:    Size  Location     Type
		None
 Auto vars:     Size  Location     Type
  i               2    8[BANK0 ] int 
 Return value:  Size  Location     Type
		None               void
 Registers used:
		wreg, fsr0l, fsr0h, status,2, status,0, btemp+1, pclath, cstack
 Tracked objects:
		On entry : 
		On exit  : 
		Unchanged: 
 Data sizes:     COMMON   BANK0   BANK1   BANK3   BANK2
      Params:         0       0       0       0       0
      Locals:         0       2       0       0       0
      Temps:          2       0       0       0       0
      Totals:         2       2       0       0       0
Total ram usage:        4 bytes
 Hardware stack levels required when called:    2
 This function calls:
		_io_mode
		_io_write
 This function is called by:
		Startup code after reset
 This function uses a non-reentrant model


 *************** function _io_mode *****************
 Defined at:
		line 56 in file "../IO.c"
 Parameters:    Size  Location     Type
  pin             1    wreg     unsigned char 
  value           1    9[COMMON] unsigned char 
 Auto vars:     Size  Location     Type
  pin             1    5[BANK0 ] unsigned char 
  num             1    7[BANK0 ] unsigned char 
  port            1    6[BANK0 ] unsigned char 
  now             1    4[BANK0 ] unsigned char 
 Return value:  Size  Location     Type
		None               void
 Registers used:
		wreg, fsr0l, fsr0h, status,2, status,0, pclath, cstack
 Tracked objects:
		On entry : 
		On exit  : 
		Unchanged: 
 Data sizes:     COMMON   BANK0   BANK1   BANK3   BANK2
      Params:         1       0       0       0       0
      Locals:         0       4       0       0       0
      Temps:          0       4       0       0       0
      Totals:         1       8       0       0       0
Total ram usage:        9 bytes
 Hardware stack levels used:    1
 Hardware stack levels required when called:    1
 This function calls:
		___awdiv
 This function is called by:
		_main
 This function uses a non-reentrant model


 *************** function _io_write *****************
 Defined at:
		line 71 in file "../IO.c"
 Parameters:    Size  Location     Type
  pin             1    wreg     unsigned char 
  value           1    9[COMMON] unsigned char 
 Auto vars:     Size  Location     Type
  pin             1    5[BANK0 ] unsigned char 
  num             1    7[BANK0 ] unsigned char 
  port            1    6[BANK0 ] unsigned char 
  now             1    4[BANK0 ] unsigned char 
 Return value:  Size  Location     Type
		None               void
 Registers used:
		wreg, fsr0l, fsr0h, status,2, status,0, pclath, cstack
 Tracked objects:
		On entry : 
		On exit  : 
		Unchanged: 
 Data sizes:     COMMON   BANK0   BANK1   BANK3   BANK2
      Params:         1       0       0       0       0
      Locals:         0       4       0       0       0
      Temps:          0       4       0       0       0
      Totals:         1       8       0       0       0
Total ram usage:        9 bytes
 Hardware stack levels used:    1
 Hardware stack levels required when called:    1
 This function calls:
		___awdiv
 This function is called by:
		_main
 This function uses a non-reentrant model


 *************** function ___awdiv *****************
 Defined at:
		line 5 in file "C:\Program Files (x86)\Microchip\xc8\v1.12\sources\awdiv.c"
 Parameters:    Size  Location     Type
  divisor         2    0[COMMON] int 
  dividend        2    2[COMMON] int 
 Auto vars:     Size  Location     Type
  quotient        2    7[COMMON] int 
  sign            1    6[COMMON] unsigned char 
  counter         1    5[COMMON] unsigned char 
 Return value:  Size  Location     Type
                  2    0[COMMON] int 
 Registers used:
		wreg, status,2, status,0
 Tracked objects:
		On entry : 
		On exit  : 
		Unchanged: 
 Data sizes:     COMMON   BANK0   BANK1   BANK3   BANK2
      Params:         4       0       0       0       0
      Locals:         4       0       0       0       0
      Temps:          1       0       0       0       0
      Totals:         9       0       0       0       0
Total ram usage:        9 bytes
 Hardware stack levels used:    1
 This function calls:
		Nothing
 This function is called by:
		_io_mode
		_io_write
		_io_read
 This function uses a non-reentrant model



MODULE INFORMATION

Module		Function		Class		Link	Load	Size
shared
		__stringtab    		STRING         	0003	0000	6
		_mask          		STRING         	0009	0000	8
		__initializatio		CODE           	0639	0000	34

shared estimated size: 48

main.c
		_main          		CODE           	078E	0000	114

main.c estimated size: 114

../IO.c
		_io_mode       		CODE           	06BD	0000	95
		_io_write      		CODE           	065E	0000	95

../IO.c estimated size: 190

C:\Program Files (x86)\Microchip\xc8\v1.12\sources\awdiv.c
		___awdiv       		CODE           	071C	0000	114

C:\Program Files (x86)\Microchip\xc8\v1.12\sources\awdiv.c estimated size: 114

