Microchip MPLAB XC8 Compiler V1.12 ()

Linker command line:

--edf=C:\Program Files (x86)\Microchip\xc8\v1.12\dat\en_msgs.txt -cs \
  -h+dist/default/production\io-demo-pic16.X.production.sym -z -Q16F88 \
  -ol.obj -Mdist/default/production/io-demo-pic16.X.production.map -E1 \
  -ver=XC8 -ACONST=00h-0FFhx16 -ACODE=00h-07FFhx2 -ASTRCODE=00h-0FFFh \
  -AENTRY=00h-0FFhx16 -ASTRING=00h-0FFhx16 -ACOMMON=070h-07Fh \
  -ABANK0=020h-06Fh -ABANK1=0A0h-0EFh -ABANK2=0110h-016Fh \
  -ABANK3=0190h-01EFh -ARAM=020h-06Fh,0A0h-0EFh,0110h-016Fh,0190h-01EFh \
  -AABS1=020h-07Fh,0A0h-0EFh,0110h-016Fh,0190h-01EFh -ASFR0=00h-01Fh \
  -ASFR1=080h-09Fh -ASFR2=0100h-010Fh -ASFR3=0180h-018Fh \
  -preset_vec=00h,intentry,init,end_init -ppowerup=CODE -pfunctab=CODE \
  -ACONFIG=02007h-02008h -pconfig=CONFIG -DCONFIG=2 -AIDLOC=02000h-02003h \
  -pidloc=IDLOC -DIDLOC=2 -AEEDATA=00h-0FFh/02100h -peeprom_data=EEDATA \
  -DEEDATA=2 -DCODE=2 -DSTRCODE=2 -DSTRING=2 -DCONST=2 -DENTRY=2 -k \
  C:\Users\Ruben\AppData\Local\Temp\sd8o.obj \
  dist/default/production\io-demo-pic16.X.production.obj 

Object code version is 3.10

Machine type is 16F88



                Name                               Link     Load   Length Selector   Space Scale
C:\Users\Ruben\AppData\Local\Temp\sd8o.obj
                end_init                              0        0        2        0       0
                config                             2007     2007        2     400E       0
dist/default/production\io-demo-pic16.X.production.obj
                text65                              716      716       72      E2C       0
                text64                              658      658       5F      CB0       0
                text63                              6B7      6B7       5F      D6E       0
                maintext                            788      788       78      F10       0
                cstackBANK0                          20       20        9       20       1
                cstackCOMMON                         70       70        E       70       1
                dataBANK0                            29       29        8       20       1
                cinit                               633      633       25      C66       0
                strings                               2        2        E        4       0
                idataBANK0                          62B      62B        8      C56       0

TOTAL           Name                               Link     Load   Length     Space
        CLASS   CONST          

        CLASS   CODE           
                end_init                              0        0        2         0
                text65                              716      716       72         0
                text64                              658      658       5F         0
                text63                              6B7      6B7       5F         0
                maintext                            788      788       78         0
                cinit                               633      633       25         0
                idataBANK0                          62B      62B        8         0

        CLASS   STRCODE        

        CLASS   ENTRY          

        CLASS   STRING         
                strings                               2        2        E         0

        CLASS   COMMON         
                cstackCOMMON                         70       70        E         1

        CLASS   BANK0          
                cstackBANK0                          20       20        9         1
                dataBANK0                            29       29        8         1

        CLASS   BANK1          

        CLASS   BANK2          

        CLASS   BANK3          

        CLASS   RAM            

        CLASS   ABS1           
                abs_s1                               7E       7E        2         1

        CLASS   SFR0           

        CLASS   SFR1           

        CLASS   SFR2           

        CLASS   SFR3           

        CLASS   CONFIG         
                config                             2007     2007        2         0

        CLASS   IDLOC          

        CLASS   EEDATA         



SEGMENTS        Name                           Load    Length   Top    Selector   Space  Class     Delta

                reset_vec                      000000  000002  000002         0       0  CODE        2
                strings                        000002  00000E  000010         4       0  STRING      2
                cstackBANK0                    000020  000011  000031        20       1  BANK0       1
                cstackCOMMON                   000070  00000E  00007E        70       1  COMMON      1
                idataBANK0                     00062B  000008  000633       C56       0  CODE        2
                cinit                          000633  000025  000658       C66       0  CODE        2
                text64                         000658  00005F  0006B7       CB0       0  CODE        2
                text63                         0006B7  00005F  000716       D6E       0  CODE        2
                text65                         000716  000072  000788       E2C       0  CODE        2
                maintext                       000788  000078  000800       F10       0  CODE        2
                config                         002007  000002  002009      400E       0  CONFIG      2


UNUSED ADDRESS RANGES

        Name                Unused          Largest block    Delta
        BANK0            0031-006F             3F           1
        BANK1            00A0-00EF             50           1
        BANK2            0110-016F             60           1
        BANK3            0190-01EF             60           1
        CODE             0010-062A            61B           2
                         0800-0FFF            800
        CONST            0010-062A            100           2
                         0800-0FFF            100
        EEDATA           2100-21FF            100           2
        ENTRY            0010-062A            100           2
                         0800-0FFF            100
        IDLOC            2000-2003              4           2
        RAM              0031-006F             3F           1
                         00A0-00EF             50
                         0110-016F             60
                         0190-01EF             60
        SFR0             0000-001F             20           1
        SFR1             0080-009F             20           1
        SFR2             0100-010F             10           1
        SFR3             0180-018F             10           1
        STRCODE          0010-062A            61B           2
                         0800-0FFF            800
        STRING           0010-062A            100           2
                         0800-0FFF            100

                                  Symbol Table

?___awdiv                cstackCOMMON 0070
?_io_mode                cstackCOMMON 0079
?_io_write               cstackCOMMON 0079
_ANSEL                   (abs)        009B
_PORTA                   (abs)        0005
_PORTB                   (abs)        0006
_TRISA                   (abs)        0085
_TRISB                   (abs)        0086
__CFG_BOREN$OFF          (abs)        0000
__CFG_CCPMX$RB0          (abs)        0000
__CFG_CP$OFF             (abs)        0000
__CFG_CPD$OFF            (abs)        0000
__CFG_FCMEN$OFF          (abs)        0000
__CFG_FOSC$XT            (abs)        0000
__CFG_IESO$OFF           (abs)        0000
__CFG_LVP$OFF            (abs)        0000
__CFG_MCLRE$ON           (abs)        0000
__CFG_PWRTE$OFF          (abs)        0000
__CFG_WDTE$OFF           (abs)        0000
__CFG_WRT$OFF            (abs)        0000
__Habs1                  abs1         0000
__Hbank0                 bank0        0000
__Hbank1                 bank1        0000
__Hbank2                 bank2        0000
__Hbank3                 bank3        0000
__Hcinit                 cinit        0000
__Hclrtext               clrtext      0000
__Hcode                  code         0000
__Hcommon                common       0000
__Hconfig                config       2009
__HcstackBANK0           cstackBANK0  0000
__HcstackCOMMON          cstackCOMMON 0000
__HdataBANK0             dataBANK0    0000
__Heeprom_data           eeprom_data  0000
__Hend_init              end_init     0002
__Hfunctab               functab      0000
__HidataBANK0            idataBANK0   0000
__Hidloc                 idloc        0000
__Hinit                  init         0000
__Hintentry              intentry     0000
__Hmaintext              maintext     0000
__Hpowerup               powerup      0000
__Hram                   ram          0000
__Hreset_vec             reset_vec    0000
__Hsfr0                  sfr0         0000
__Hsfr1                  sfr1         0000
__Hsfr2                  sfr2         0000
__Hsfr3                  sfr3         0000
__Hstrings               strings      0000
__Htext                  text         0000
__Labs1                  abs1         0000
__Lbank0                 bank0        0000
__Lbank1                 bank1        0000
__Lbank2                 bank2        0000
__Lbank3                 bank3        0000
__Lcinit                 cinit        0000
__Lclrtext               clrtext      0000
__Lcode                  code         0000
__Lcommon                common       0000
__Lconfig                config       2007
__LcstackBANK0           cstackBANK0  0000
__LcstackCOMMON          cstackCOMMON 0000
__LdataBANK0             dataBANK0    0000
__Leeprom_data           eeprom_data  0000
__Lend_init              end_init     0000
__Lfunctab               functab      0000
__LidataBANK0            idataBANK0   0000
__Lidloc                 idloc        0000
__Linit                  init         0000
__Lintentry              intentry     0000
__Lmaintext              maintext     0000
__Lpowerup               powerup      0000
__Lram                   ram          0000
__Lreset_vec             reset_vec    0000
__Lsfr0                  sfr0         0000
__Lsfr1                  sfr1         0000
__Lsfr2                  sfr2         0000
__Lsfr3                  sfr3         0000
__Lstrings               strings      0000
__Ltext                  text         0000
__S0                     (abs)        2009
__S1                     (abs)        007E
__S2                     (abs)        0000
___awdiv                 text65       0716
___awdiv@counter         cstackCOMMON 0075
___awdiv@dividend        cstackCOMMON 0072
___awdiv@divisor         cstackCOMMON 0070
___awdiv@quotient        cstackCOMMON 0077
___awdiv@sign            cstackCOMMON 0076
__end_of___awdiv         text65       0788
__end_of__initialization cinit        0655
__end_of__stringtab      strings      0008
__end_of_io_mode         text63       0716
__end_of_io_write        text64       06B7
__end_of_main            maintext     0800
__end_of_mask            strings      0010
__initialization         cinit        0633
__pcstackBANK0           cstackBANK0  0020
__pcstackCOMMON          cstackCOMMON 0070
__pdataBANK0             dataBANK0    0029
__pidataBANK0            idataBANK0   062B
__pmaintext              maintext     0788
__pstrings               strings      0002
__ptext63                text63       06B7
__ptext64                text64       0658
__ptext65                text65       0716
__ptext66                text66       0000
__size_of___awdiv        (abs)        0000
__size_of_io_mode        (abs)        0000
__size_of_io_write       (abs)        0000
__size_of_main           (abs)        0000
__stringtab              strings      0002
_io_mode                 text63       06B7
_io_write                text64       0658
_main                    maintext     0788
_mask                    strings      0008
_portptrs                dataBANK0    0029
_trisptrs                dataBANK0    002D
btemp                    (abs)        007E
end_of_initialization    cinit        0655
intlevel0                functab      0000
intlevel1                functab      0000
intlevel2                functab      0000
intlevel3                functab      0000
intlevel4                functab      0000
intlevel5                functab      0000
io_mode@now              cstackBANK0  0020
io_mode@num              cstackBANK0  0023
io_mode@pin              cstackBANK0  0021
io_mode@port             cstackBANK0  0022
io_mode@value            cstackCOMMON 0079
io_write@now             cstackBANK0  0020
io_write@num             cstackBANK0  0023
io_write@pin             cstackBANK0  0021
io_write@port            cstackBANK0  0022
io_write@value           cstackCOMMON 0079
main@i                   cstackBANK0  0027
reset_vec                reset_vec    0000
start                    init         0000
start_initialization     cinit        0633
wtemp0                   (abs)        007E


FUNCTION INFORMATION:

 *************** function _main *****************
 Defined at:
		line 26 in file "main.c"
 Parameters:    Size  Location     Type
		None
 Auto vars:     Size  Location     Type
  i               2    7[BANK0 ] int 
 Return value:  Size  Location     Type
		None               void
 Registers used:
		wreg, fsr0l, fsr0h, status,2, status,0, btemp+1, pclath, cstack
 Tracked objects:
		On entry : 
		On exit  : 
		Unchanged: 
 Data sizes:     COMMON   BANK0   BANK1   BANK3   BANK2
      Params:         0       0       0       0       0
      Locals:         0       2       0       0       0
      Temps:          0       3       0       0       0
      Totals:         0       5       0       0       0
Total ram usage:        5 bytes
 Hardware stack levels required when called:    2
 This function calls:
		_io_mode
		_io_write
 This function is called by:
		Startup code after reset
 This function uses a non-reentrant model


 *************** function _io_mode *****************
 Defined at:
		line 56 in file "../IO.c"
 Parameters:    Size  Location     Type
  pin             1    wreg     unsigned char 
  value           1    9[COMMON] unsigned char 
 Auto vars:     Size  Location     Type
  pin             1    1[BANK0 ] unsigned char 
  num             1    3[BANK0 ] unsigned char 
  port            1    2[BANK0 ] unsigned char 
  now             1    0[BANK0 ] unsigned char 
 Return value:  Size  Location     Type
		None               void
 Registers used:
		wreg, fsr0l, fsr0h, status,2, status,0, pclath, cstack
 Tracked objects:
		On entry : 
		On exit  : 
		Unchanged: 
 Data sizes:     COMMON   BANK0   BANK1   BANK3   BANK2
      Params:         1       0       0       0       0
      Locals:         0       4       0       0       0
      Temps:          4       0       0       0       0
      Totals:         5       4       0       0       0
Total ram usage:        9 bytes
 Hardware stack levels used:    1
 Hardware stack levels required when called:    1
 This function calls:
		___awdiv
 This function is called by:
		_main
 This function uses a non-reentrant model


 *************** function _io_write *****************
 Defined at:
		line 71 in file "../IO.c"
 Parameters:    Size  Location     Type
  pin             1    wreg     unsigned char 
  value           1    9[COMMON] unsigned char 
 Auto vars:     Size  Location     Type
  pin             1    1[BANK0 ] unsigned char 
  num             1    3[BANK0 ] unsigned char 
  port            1    2[BANK0 ] unsigned char 
  now             1    0[BANK0 ] unsigned char 
 Return value:  Size  Location     Type
		None               void
 Registers used:
		wreg, fsr0l, fsr0h, status,2, status,0, pclath, cstack
 Tracked objects:
		On entry : 
		On exit  : 
		Unchanged: 
 Data sizes:     COMMON   BANK0   BANK1   BANK3   BANK2
      Params:         1       0       0       0       0
      Locals:         0       4       0       0       0
      Temps:          4       0       0       0       0
      Totals:         5       4       0       0       0
Total ram usage:        9 bytes
 Hardware stack levels used:    1
 Hardware stack levels required when called:    1
 This function calls:
		___awdiv
 This function is called by:
		_main
 This function uses a non-reentrant model


 *************** function ___awdiv *****************
 Defined at:
		line 5 in file "C:\Program Files (x86)\Microchip\xc8\v1.12\sources\awdiv.c"
 Parameters:    Size  Location     Type
  divisor         2    0[COMMON] int 
  dividend        2    2[COMMON] int 
 Auto vars:     Size  Location     Type
  quotient        2    7[COMMON] int 
  sign            1    6[COMMON] unsigned char 
  counter         1    5[COMMON] unsigned char 
 Return value:  Size  Location     Type
                  2    0[COMMON] int 
 Registers used:
		wreg, status,2, status,0
 Tracked objects:
		On entry : 
		On exit  : 
		Unchanged: 
 Data sizes:     COMMON   BANK0   BANK1   BANK3   BANK2
      Params:         4       0       0       0       0
      Locals:         4       0       0       0       0
      Temps:          1       0       0       0       0
      Totals:         9       0       0       0       0
Total ram usage:        9 bytes
 Hardware stack levels used:    1
 This function calls:
		Nothing
 This function is called by:
		_io_mode
		_io_write
		_io_read
 This function uses a non-reentrant model



MODULE INFORMATION

Module		Function		Class		Link	Load	Size
shared
		__stringtab    		STRING         	0002	0000	6
		_mask          		STRING         	0008	0000	8
		__initializatio		CODE           	0633	0000	34

shared estimated size: 48

main.c
		_main          		CODE           	0788	0000	120

main.c estimated size: 120

../IO.c
		_io_mode       		CODE           	06B7	0000	95
		_io_write      		CODE           	0658	0000	95

../IO.c estimated size: 190

C:\Program Files (x86)\Microchip\xc8\v1.12\sources\awdiv.c
		___awdiv       		CODE           	0716	0000	114

C:\Program Files (x86)\Microchip\xc8\v1.12\sources\awdiv.c estimated size: 114

